../Core/Src/main.c:74:9:LCD_get_young_bits	16	static
../Core/Src/main.c:80:9:LCD_get_old_bits	16	static
../Core/Src/main.c:87:6:LCD_send_command	32	static
../Core/Src/main.c:98:6:LCD_startup	32	static
../Core/Src/main.c:114:6:LCD_set_4_bits	32	static
../Core/Src/main.c:125:6:LCD_init	16	static
../Core/Src/main.c:141:6:LCD_putchar	32	static
../Core/Src/main.c:152:6:LCD_printf	24	static
../Core/Src/main.c:161:6:HAL_GPIO_EXTI_Callback	16	static
../Core/Src/main.c:171:5:main	48	static
../Core/Src/main.c:223:6:SystemClock_Config	120	static
../Core/Src/main.c:274:13:MX_I2C1_Init	8	static
../Core/Src/main.c:322:13:MX_I2C2_Init	8	static
../Core/Src/main.c:370:13:MX_I2C3_Init	8	static
../Core/Src/main.c:418:13:MX_GPIO_Init	48	static
../Core/Src/main.c:452:6:Error_Handler	4	static,ignoring_inline_asm
