../Core/Src/main.c:86:6:HAL_GPIO_EXTI_Callback	16	static
../Core/Src/main.c:98:5:main	24	static
../Core/Src/main.c:156:6:SystemClock_Config	120	static
../Core/Src/main.c:208:13:MX_I2C1_Init	8	static
../Core/Src/main.c:256:13:MX_I2C2_Init	8	static
../Core/Src/main.c:304:13:MX_I2C3_Init	8	static
../Core/Src/main.c:352:13:MX_TIM1_Init	40	static
../Core/Src/main.c:399:13:MX_TIM6_Init	24	static
../Core/Src/main.c:437:13:MX_GPIO_Init	48	static
../Core/Src/main.c:471:6:Error_Handler	4	static,ignoring_inline_asm
